../Core/Src/main.c:108:6:setMotorSpeed	24	static
../Core/Src/main.c:131:7:line_data	24	static
../Core/Src/main.c:151:6:send_telemetry_data	32	static
../Core/Src/main.c:183:6:handle_received_command	72	dynamic
../Core/Src/main.c:235:6:HAL_UARTEx_RxEventCallback	16	static
../Core/Src/main.c:251:5:main	32	static
../Core/Src/main.c:372:6:SystemClock_Config	88	static
../Core/Src/main.c:418:13:MX_NVIC_Init	8	static
../Core/Src/main.c:430:13:MX_ADC1_Init	24	static
../Core/Src/main.c:545:13:MX_TIM1_Init	80	static
../Core/Src/main.c:614:13:MX_TIM2_Init	48	static
../Core/Src/main.c:663:13:MX_TIM3_Init	48	static
../Core/Src/main.c:712:13:MX_USART6_UART_Init	8	static
../Core/Src/main.c:743:13:MX_DMA_Init	16	static
../Core/Src/main.c:764:13:MX_GPIO_Init	48	static
../Core/Src/main.c:808:6:Error_Handler	4	static,ignoring_inline_asm
