../Core/Src/main.c:110:6:setMotorSpeed	24	static
../Core/Src/main.c:133:7:line_data	24	static
../Core/Src/main.c:153:6:send_telemetry_data	32	static
../Core/Src/main.c:185:6:handle_received_command	80	dynamic
../Core/Src/main.c:239:6:HAL_UARTEx_RxEventCallback	16	static
../Core/Src/main.c:255:5:main	32	static
../Core/Src/main.c:382:6:SystemClock_Config	88	static
../Core/Src/main.c:428:13:MX_NVIC_Init	8	static
../Core/Src/main.c:440:13:MX_ADC1_Init	24	static
../Core/Src/main.c:555:13:MX_TIM1_Init	80	static
../Core/Src/main.c:624:13:MX_TIM2_Init	48	static
../Core/Src/main.c:673:13:MX_TIM3_Init	48	static
../Core/Src/main.c:722:13:MX_USART6_UART_Init	8	static
../Core/Src/main.c:753:13:MX_DMA_Init	16	static
../Core/Src/main.c:774:13:MX_GPIO_Init	48	static
../Core/Src/main.c:818:6:Error_Handler	4	static,ignoring_inline_asm
